app/(protected)/settings/company/_components/company-form.tsx(137,54): error TS2345: Argument of type '{}' is not assignable to parameter of type 'void'.
